flutter : Nothing to 
analyze.
At line:1 char:1
+ flutter analyze 
--no-current-package 
2>&1 | Tee-Object 
-FilePath erro ...
+ ~~~~~~~~~~~~~~~~~~~
~~~~~~~~~~~~~~~~~~~~~
~
    + CategoryInfo   
           : NotSpe  
  cified: (Nothing   
  to analyze.:Str    
ing) [], RemoteE    
xception
    + FullyQualified 
   ErrorId : Native  
  CommandError
 
